
> selfdashboard@0.1.0 build
> next build && node scripts/harden-standalone-deps.mjs

   Ôû▓ Next.js 15.5.18

   Creating an optimized production build ...
 Ô£ô Compiled successfully in 3.1s
   Linting and checking validity of types ...
   Collecting page data ...
   Generating static pages (0/10) ...
   Generating static pages (2/10) 
   Generating static pages (4/10) 
   Generating static pages (7/10) 
 Ô£ô Generating static pages (10/10)
   Finalizing page optimization ...
   Collecting build traces ...

Route (app)                                 Size  First Load JS
Ôöî Ôùï /                                      192 B         103 kB
Ôö£ Ôùï /_not-found                            991 B         103 kB
Ôö£ ãÆ /api/adguard                           192 B         103 kB
Ôö£ ãÆ /api/calendar/accounts                 192 B         103 kB
Ôö£ ãÆ /api/calendar/accounts/[id]            192 B         103 kB
Ôö£ ãÆ /api/calendar/accounts/[id]/sync       192 B         103 kB
Ôö£ ãÆ /api/calendar/accounts/[id]/test       192 B         103 kB
Ôö£ ãÆ /api/calendar/calendars                192 B         103 kB
Ôö£ ãÆ /api/calendar/calendars/[id]           192 B         103 kB
Ôö£ ãÆ /api/calendar/conflicts                192 B         103 kB
Ôö£ ãÆ /api/calendar/conflicts/[id]           192 B         103 kB
Ôö£ ãÆ /api/calendar/events                   192 B         103 kB
Ôö£ ãÆ /api/calendar/events/[id]              192 B         103 kB
Ôö£ ãÆ /api/calendar/status                   192 B         103 kB
Ôö£ ãÆ /api/calendar/summary                  192 B         103 kB
Ôö£ ãÆ /api/crowdsec                          192 B         103 kB
Ôö£ ãÆ /api/crowdsec/decision                 192 B         103 kB
Ôö£ ãÆ /api/dashboard-state                   192 B         103 kB
Ôö£ ãÆ /api/docker-container-stats            192 B         103 kB
Ôö£ ãÆ /api/docker-containers                 192 B         103 kB
Ôö£ ãÆ /api/fritzbox                          192 B         103 kB
Ôö£ ãÆ /api/logs                              192 B         103 kB
Ôö£ ãÆ /api/logs/download                     192 B         103 kB
Ôö£ ãÆ /api/logs/settings                     192 B         103 kB
Ôö£ ãÆ /api/mail/mark-all-read                192 B         103 kB
Ôö£ ãÆ /api/mail/reset-cache                  192 B         103 kB
Ôö£ ãÆ /api/mail/settings                     192 B         103 kB
Ôö£ ãÆ /api/mail/status                       192 B         103 kB
Ôö£ ãÆ /api/mail/test                         192 B         103 kB
Ôö£ ãÆ /api/mail/unread-preview               192 B         103 kB
Ôö£ ãÆ /api/pihole                            192 B         103 kB
Ôö£ ãÆ /api/selfstream                        192 B         103 kB
Ôöö ãÆ /dashboard/[id]                       135 kB         245 kB
+ First Load JS shared by all             102 kB
  Ôö£ chunks/255-4f84124391a7dac4.js       46.2 kB
  Ôö£ chunks/4bd1b696-c023c6e3521b1417.js  54.2 kB
  Ôöö other shared chunks (total)             2 kB


Ôùï  (Static)   prerendered as static content
ãÆ  (Dynamic)  server-rendered on demand

harden-standalone-deps: next/dist/compiled/picomatch -> 4.0.4
harden-standalone-deps: next/dist/compiled/picomatch -> 4.0.4
harden-standalone-deps: 2 location(s) updated
